--- Fredericks : Pokédex Summary ---
Total number of unique Pokémon in database: 800
-
Unique Legendary Pokémon ordered alphabetically:
Arceus
Articuno
Azelf
Cobalion
Darkrai
DeoxysAttack Forme
DeoxysDefense Forme
DeoxysNormal Forme
DeoxysSpeed Forme
Dialga
Diancie
DiancieMega Diancie
Entei
GiratinaAltered Forme
GiratinaOrigin Forme
Groudon
GroudonPrimal Groudon
Heatran
Ho-oh
HoopaHoopa Confined
HoopaHoopa Unbound
Jirachi
Kyogre
KyogrePrimal Kyogre
Kyurem
KyuremBlack Kyurem
KyuremWhite Kyurem
LandorusIncarnate Forme
LandorusTherian Forme
Latias
LatiasMega Latias
Latios
LatiosMega Latios
Lugia
Mesprit
Mewtwo
MewtwoMega Mewtwo X
MewtwoMega Mewtwo Y
Moltres
Palkia
Raikou
Rayquaza
RayquazaMega Rayquaza
Regice
Regigigas
Regirock
Registeel
Reshiram
ShayminLand Forme
ShayminSky Forme
Suicune
Terrakion
ThundurusIncarnate Forme
ThundurusTherian Forme
TornadusIncarnate Forme
TornadusTherian Forme
Uxie
Victini
Virizion
Volcanion
Xerneas
Yveltal
Zapdos
Zekrom
Zygarde50% Forme
-
All Unique Legendary Pokémon ordered alphabetically and their generation:
Arceus,4
Articuno,1
Azelf,4
Cobalion,5
Darkrai,4
DeoxysAttack Forme,3
DeoxysDefense Forme,3
DeoxysNormal Forme,3
DeoxysSpeed Forme,3
Dialga,4
Diancie,6
DiancieMega Diancie,6
Entei,2
GiratinaAltered Forme,4
GiratinaOrigin Forme,4
Groudon,3
GroudonPrimal Groudon,3
Heatran,4
Ho-oh,2
HoopaHoopa Confined,6
HoopaHoopa Unbound,6
Jirachi,3
Kyogre,3
KyogrePrimal Kyogre,3
Kyurem,5
KyuremBlack Kyurem,5
KyuremWhite Kyurem,5
LandorusIncarnate Forme,5
LandorusTherian Forme,5
Latias,3
LatiasMega Latias,3
Latios,3
LatiosMega Latios,3
Lugia,2
Mesprit,4
Mewtwo,1
MewtwoMega Mewtwo X,1
MewtwoMega Mewtwo Y,1
Moltres,1
Palkia,4
Raikou,2
Rayquaza,3
RayquazaMega Rayquaza,3
Regice,3
Regigigas,4
Regirock,3
Registeel,3
Reshiram,5
ShayminLand Forme,4
ShayminSky Forme,4
Suicune,2
Terrakion,5
ThundurusIncarnate Forme,5
ThundurusTherian Forme,5
TornadusIncarnate Forme,5
TornadusTherian Forme,5
Uxie,4
Victini,5
Virizion,5
Volcanion,6
Xerneas,6
Yveltal,6
Zapdos,1
Zekrom,5
Zygarde50% Forme,6
--- END OF SUMMARY ---
